[2026-06-07 19:55:23Z INFO HostContext] No proxy settings were found based on environmental variables (http_proxy/https_proxy/HTTP_PROXY/HTTPS_PROXY)
[2026-06-07 19:55:23Z INFO HostContext] Well known directory 'Bin': 'C:\Projetos\pgats-ci\actions-runner\bin'
[2026-06-07 19:55:23Z INFO HostContext] Well known directory 'Root': 'C:\Projetos\pgats-ci\actions-runner'
[2026-06-07 19:55:23Z INFO HostContext] Well known config file 'Credentials': 'C:\Projetos\pgats-ci\actions-runner\.credentials'
[2026-06-07 19:55:23Z INFO HostContext] Well known directory 'Bin': 'C:\Projetos\pgats-ci\actions-runner\bin'
[2026-06-07 19:55:23Z INFO HostContext] Well known directory 'Root': 'C:\Projetos\pgats-ci\actions-runner'
[2026-06-07 19:55:23Z INFO HostContext] Well known config file 'Runner': 'C:\Projetos\pgats-ci\actions-runner\.runner'
[2026-06-07 19:55:23Z INFO Listener] Runner is built for Windows (X64) - win-x64.
[2026-06-07 19:55:23Z INFO Listener] RuntimeInformation: Microsoft Windows 10.0.26200.
[2026-06-07 19:55:23Z INFO Listener] Version: 2.334.0
[2026-06-07 19:55:23Z INFO Listener] Commit: f1995ede5d885c997d13d8eca5467c4ce97fe69c
[2026-06-07 19:55:23Z INFO Listener] Culture: pt-BR
[2026-06-07 19:55:23Z INFO Listener] UI Culture: pt-BR
[2026-06-07 19:55:23Z INFO HostContext] Well known directory 'Bin': 'C:\Projetos\pgats-ci\actions-runner\bin'
[2026-06-07 19:55:23Z INFO HostContext] Well known directory 'Root': 'C:\Projetos\pgats-ci\actions-runner'
[2026-06-07 19:55:23Z INFO Listener] Validating directory permissions for: 'C:\Projetos\pgats-ci\actions-runner'
[2026-06-07 19:55:23Z INFO CommandLineParser] Parse
[2026-06-07 19:55:23Z INFO CommandLineParser] Parsing 5 args
[2026-06-07 19:55:23Z INFO CommandLineParser] parsing argument
[2026-06-07 19:55:23Z INFO CommandLineParser] HasArgs: False
[2026-06-07 19:55:23Z INFO CommandLineParser] Adding Command: configure
[2026-06-07 19:55:23Z INFO CommandLineParser] parsing argument
[2026-06-07 19:55:23Z INFO CommandLineParser] HasArgs: True
[2026-06-07 19:55:23Z INFO CommandLineParser] arg: url
[2026-06-07 19:55:23Z INFO CommandLineParser] parsing argument
[2026-06-07 19:55:23Z INFO CommandLineParser] HasArgs: True
[2026-06-07 19:55:23Z INFO CommandLineParser] Adding option 'url': 'https://github.com/MarcelaBomfin/pgats-ci'
[2026-06-07 19:55:23Z INFO CommandLineParser] parsing argument
[2026-06-07 19:55:23Z INFO CommandLineParser] HasArgs: True
[2026-06-07 19:55:23Z INFO CommandLineParser] arg: token
[2026-06-07 19:55:23Z INFO CommandLineParser] parsing argument
[2026-06-07 19:55:23Z INFO CommandLineParser] HasArgs: True
[2026-06-07 19:55:23Z INFO CommandLineParser] Adding option 'token': '***'
[2026-06-07 19:55:23Z INFO Listener] Arguments parsed
[2026-06-07 19:55:23Z INFO Runner] ExecuteCommand
[2026-06-07 19:55:23Z INFO ConfigurationStore] currentAssemblyLocation: C:\Projetos\pgats-ci\actions-runner\bin\Runner.Listener.dll
[2026-06-07 19:55:23Z INFO HostContext] Well known directory 'Bin': 'C:\Projetos\pgats-ci\actions-runner\bin'
[2026-06-07 19:55:23Z INFO ConfigurationStore] binPath: C:\Projetos\pgats-ci\actions-runner\bin
[2026-06-07 19:55:23Z INFO HostContext] Well known directory 'Bin': 'C:\Projetos\pgats-ci\actions-runner\bin'
[2026-06-07 19:55:23Z INFO HostContext] Well known directory 'Root': 'C:\Projetos\pgats-ci\actions-runner'
[2026-06-07 19:55:23Z INFO ConfigurationStore] RootFolder: C:\Projetos\pgats-ci\actions-runner
[2026-06-07 19:55:23Z INFO HostContext] Well known directory 'Bin': 'C:\Projetos\pgats-ci\actions-runner\bin'
[2026-06-07 19:55:23Z INFO HostContext] Well known directory 'Root': 'C:\Projetos\pgats-ci\actions-runner'
[2026-06-07 19:55:23Z INFO HostContext] Well known config file 'Runner': 'C:\Projetos\pgats-ci\actions-runner\.runner'
[2026-06-07 19:55:23Z INFO ConfigurationStore] ConfigFilePath: C:\Projetos\pgats-ci\actions-runner\.runner
[2026-06-07 19:55:23Z INFO HostContext] Well known directory 'Bin': 'C:\Projetos\pgats-ci\actions-runner\bin'
[2026-06-07 19:55:23Z INFO HostContext] Well known directory 'Root': 'C:\Projetos\pgats-ci\actions-runner'
[2026-06-07 19:55:23Z INFO HostContext] Well known config file 'MigratedRunner': 'C:\Projetos\pgats-ci\actions-runner\.runner_migrated'
[2026-06-07 19:55:23Z INFO ConfigurationStore] MigratedConfigFilePath: C:\Projetos\pgats-ci\actions-runner\.runner_migrated
[2026-06-07 19:55:23Z INFO HostContext] Well known directory 'Bin': 'C:\Projetos\pgats-ci\actions-runner\bin'
[2026-06-07 19:55:23Z INFO HostContext] Well known directory 'Root': 'C:\Projetos\pgats-ci\actions-runner'
[2026-06-07 19:55:23Z INFO HostContext] Well known config file 'Credentials': 'C:\Projetos\pgats-ci\actions-runner\.credentials'
[2026-06-07 19:55:23Z INFO ConfigurationStore] CredFilePath: C:\Projetos\pgats-ci\actions-runner\.credentials
[2026-06-07 19:55:23Z INFO HostContext] Well known directory 'Bin': 'C:\Projetos\pgats-ci\actions-runner\bin'
[2026-06-07 19:55:23Z INFO HostContext] Well known directory 'Root': 'C:\Projetos\pgats-ci\actions-runner'
[2026-06-07 19:55:23Z INFO HostContext] Well known config file 'MigratedCredentials': 'C:\Projetos\pgats-ci\actions-runner\.credentials_migrated'
[2026-06-07 19:55:23Z INFO ConfigurationStore] MigratedCredFilePath: C:\Projetos\pgats-ci\actions-runner\.credentials_migrated
[2026-06-07 19:55:23Z INFO HostContext] Well known directory 'Bin': 'C:\Projetos\pgats-ci\actions-runner\bin'
[2026-06-07 19:55:23Z INFO HostContext] Well known directory 'Root': 'C:\Projetos\pgats-ci\actions-runner'
[2026-06-07 19:55:23Z INFO HostContext] Well known config file 'Service': 'C:\Projetos\pgats-ci\actions-runner\.service'
[2026-06-07 19:55:23Z INFO ConfigurationStore] ServiceConfigFilePath: C:\Projetos\pgats-ci\actions-runner\.service
[2026-06-07 19:55:23Z INFO CommandSettings] Flag 'help': 'False'
[2026-06-07 19:55:23Z INFO CommandSettings] Flag 'version': 'False'
[2026-06-07 19:55:23Z INFO CommandSettings] Flag 'commit': 'False'
[2026-06-07 19:55:23Z INFO CommandSettings] Flag 'check': 'False'
[2026-06-07 19:55:23Z INFO CommandSettings] Command 'configure': 'True'
[2026-06-07 19:55:23Z INFO Terminal] WRITE LINE: 
[2026-06-07 19:55:23Z INFO Terminal] WRITE LINE: --------------------------------------------------------------------------------
[2026-06-07 19:55:23Z INFO Terminal] WRITE LINE: |        ____ _ _   _   _       _          _        _   _                      |
[2026-06-07 19:55:23Z INFO Terminal] WRITE LINE: |       / ___(_) |_| | | |_   _| |__      / \   ___| |_(_) ___  _ __  ___      |
[2026-06-07 19:55:23Z INFO Terminal] WRITE LINE: |      | |  _| | __| |_| | | | | '_ \    / _ \ / __| __| |/ _ \| '_ \/ __|     |
[2026-06-07 19:55:23Z INFO Terminal] WRITE LINE: |      | |_| | | |_|  _  | |_| | |_) |  / ___ \ (__| |_| | (_) | | | \__ \     |
[2026-06-07 19:55:23Z INFO Terminal] WRITE LINE: |       \____|_|\__|_| |_|\__,_|_.__/  /_/   \_\___|\__|_|\___/|_| |_|___/     |
[2026-06-07 19:55:23Z INFO Terminal] WRITE LINE: |                                                                              |
[2026-06-07 19:55:23Z INFO Terminal] WRITE: |                       
[2026-06-07 19:55:23Z INFO Terminal] WRITE: Self-hosted runner registration
[2026-06-07 19:55:23Z INFO Terminal] WRITE LINE:                         |
[2026-06-07 19:55:23Z INFO Terminal] WRITE LINE: |                                                                              |
[2026-06-07 19:55:23Z INFO Terminal] WRITE LINE: --------------------------------------------------------------------------------
[2026-06-07 19:55:23Z INFO ConfigurationManager] ConfigureAsync
[2026-06-07 19:55:23Z INFO CommandSettings] Flag 'generateServiceConfig': 'False'
[2026-06-07 19:55:23Z INFO ConfigurationStore] IsConfigured()
[2026-06-07 19:55:23Z INFO ConfigurationStore] IsConfigured: False
[2026-06-07 19:55:23Z INFO ConfigurationManager] Is configured: False
[2026-06-07 19:55:23Z INFO CommandSettings] Arg 'url': 'https://github.com/MarcelaBomfin/pgats-ci'
[2026-06-07 19:55:23Z INFO CommandSettings] Remove url from Arg dictionary.
[2026-06-07 19:55:23Z INFO CommandSettings] Arg 'token': '***'
[2026-06-07 19:55:23Z INFO CommandSettings] Remove token from Arg dictionary.
[2026-06-07 19:55:26Z INFO ConfigurationManager] Http response code: OK from 'POST https://api.github.com/actions/runner-registration' (7A21:0BF1:A87B25:C6B788:6A25CCAE)
[2026-06-07 19:55:26Z INFO ConfigurationManager] Using runner-admin flow: False
[2026-06-07 19:55:26Z INFO ConfigurationManager] cred retrieved via GitHub auth
[2026-06-07 19:55:26Z INFO RunnerServer] EstablishVssConnection
[2026-06-07 19:55:26Z INFO RunnerServer] Establish connection with 100 seconds timeout.
[2026-06-07 19:55:27Z INFO GitHubActionsService] Starting operation Location.GetConnectionData
[2026-06-07 19:55:27Z INFO RunnerServer] EstablishVssConnection
[2026-06-07 19:55:27Z INFO RunnerServer] Establish connection with 60 seconds timeout.
[2026-06-07 19:55:27Z INFO GitHubActionsService] Starting operation Location.GetConnectionData
[2026-06-07 19:55:27Z INFO RunnerServer] EstablishVssConnection
[2026-06-07 19:55:27Z INFO RunnerServer] Establish connection with 60 seconds timeout.
[2026-06-07 19:55:27Z INFO GitHubActionsService] Starting operation Location.GetConnectionData
[2026-06-07 19:55:28Z INFO GitHubActionsService] Finished operation Location.GetConnectionData
[2026-06-07 19:55:28Z INFO GitHubActionsService] Finished operation Location.GetConnectionData
[2026-06-07 19:55:28Z INFO GitHubActionsService] Finished operation Location.GetConnectionData
[2026-06-07 19:55:28Z INFO Terminal] WRITE LINE: 
[2026-06-07 19:55:28Z INFO ConfigurationManager] Test Connection complete.
[2026-06-07 19:55:28Z INFO HostContext] Well known directory 'Bin': 'C:\Projetos\pgats-ci\actions-runner\bin'
[2026-06-07 19:55:28Z INFO HostContext] Well known directory 'Root': 'C:\Projetos\pgats-ci\actions-runner'
[2026-06-07 19:55:28Z INFO HostContext] Well known config file 'RSACredentials': 'C:\Projetos\pgats-ci\actions-runner\.credentials_rsaparams'
[2026-06-07 19:55:28Z INFO RSAEncryptedFileKeyManager] Creating new RSA key using 2048-bit key length
[2026-06-07 19:55:28Z INFO RSAEncryptedFileKeyManager] Successfully saved RSA key parameters to file C:\Projetos\pgats-ci\actions-runner\.credentials_rsaparams
[2026-06-07 19:55:28Z INFO CommandSettings] Arg 'runnergroup': ''
[2026-06-07 19:55:28Z INFO CommandSettings] Flag 'unattended': 'False'
[2026-06-07 19:55:28Z INFO PromptManager] ReadValue
[2026-06-07 19:55:28Z INFO Terminal] WRITE: Enter the name of the runner group to add this runner to: 
[2026-06-07 19:55:28Z INFO Terminal] WRITE: [press Enter for Default] 
[2026-06-07 19:55:28Z INFO Terminal] READ LINE
[2026-06-07 19:56:02Z INFO Terminal] Read value: 'pgatsRunner'
[2026-06-07 19:56:02Z INFO Terminal] WRITE LINE: 
[2026-06-07 19:56:02Z ERR  Runner] GitHub.DistributedTask.WebApi.TaskAgentPoolNotFoundException: Could not find any self-hosted runner group named "pgatsRunner".
   at GitHub.Runner.Listener.Configuration.ConfigurationManager.ConfigureAsync(CommandSettings command)
   at GitHub.Runner.Listener.Runner.ExecuteCommand(CommandSettings command)
[2026-06-07 19:56:02Z ERR  Terminal] WRITE ERROR: Could not find any self-hosted runner group named "pgatsRunner".
[2026-06-07 19:56:02Z INFO Listener] Runner execution has finished with return code 1
