[2026-06-07 19:59:34Z INFO HostContext] No proxy settings were found based on environmental variables (http_proxy/https_proxy/HTTP_PROXY/HTTPS_PROXY)
[2026-06-07 19:59:35Z INFO HostContext] Well known directory 'Bin': 'C:\Projetos\pgats-ci\actions-runner\bin'
[2026-06-07 19:59:35Z INFO HostContext] Well known directory 'Root': 'C:\Projetos\pgats-ci\actions-runner'
[2026-06-07 19:59:35Z INFO HostContext] Well known config file 'Credentials': 'C:\Projetos\pgats-ci\actions-runner\.credentials'
[2026-06-07 19:59:35Z INFO HostContext] Well known directory 'Bin': 'C:\Projetos\pgats-ci\actions-runner\bin'
[2026-06-07 19:59:35Z INFO HostContext] Well known directory 'Root': 'C:\Projetos\pgats-ci\actions-runner'
[2026-06-07 19:59:35Z INFO HostContext] Well known config file 'Runner': 'C:\Projetos\pgats-ci\actions-runner\.runner'
[2026-06-07 19:59:35Z INFO Listener] Runner is built for Windows (X64) - win-x64.
[2026-06-07 19:59:35Z INFO Listener] RuntimeInformation: Microsoft Windows 10.0.26200.
[2026-06-07 19:59:35Z INFO Listener] Version: 2.334.0
[2026-06-07 19:59:35Z INFO Listener] Commit: f1995ede5d885c997d13d8eca5467c4ce97fe69c
[2026-06-07 19:59:35Z INFO Listener] Culture: pt-BR
[2026-06-07 19:59:35Z INFO Listener] UI Culture: pt-BR
[2026-06-07 19:59:35Z INFO HostContext] Well known directory 'Bin': 'C:\Projetos\pgats-ci\actions-runner\bin'
[2026-06-07 19:59:35Z INFO HostContext] Well known directory 'Root': 'C:\Projetos\pgats-ci\actions-runner'
[2026-06-07 19:59:35Z INFO Listener] Validating directory permissions for: 'C:\Projetos\pgats-ci\actions-runner'
[2026-06-07 19:59:35Z INFO CommandLineParser] Parse
[2026-06-07 19:59:35Z INFO CommandLineParser] Parsing 1 args
[2026-06-07 19:59:35Z INFO CommandLineParser] parsing argument
[2026-06-07 19:59:35Z INFO CommandLineParser] HasArgs: False
[2026-06-07 19:59:35Z INFO CommandLineParser] Adding Command: remove
[2026-06-07 19:59:35Z INFO Listener] Arguments parsed
[2026-06-07 19:59:35Z INFO Runner] ExecuteCommand
[2026-06-07 19:59:35Z INFO ConfigurationStore] currentAssemblyLocation: C:\Projetos\pgats-ci\actions-runner\bin\Runner.Listener.dll
[2026-06-07 19:59:35Z INFO HostContext] Well known directory 'Bin': 'C:\Projetos\pgats-ci\actions-runner\bin'
[2026-06-07 19:59:35Z INFO ConfigurationStore] binPath: C:\Projetos\pgats-ci\actions-runner\bin
[2026-06-07 19:59:35Z INFO HostContext] Well known directory 'Bin': 'C:\Projetos\pgats-ci\actions-runner\bin'
[2026-06-07 19:59:35Z INFO HostContext] Well known directory 'Root': 'C:\Projetos\pgats-ci\actions-runner'
[2026-06-07 19:59:35Z INFO ConfigurationStore] RootFolder: C:\Projetos\pgats-ci\actions-runner
[2026-06-07 19:59:35Z INFO HostContext] Well known directory 'Bin': 'C:\Projetos\pgats-ci\actions-runner\bin'
[2026-06-07 19:59:35Z INFO HostContext] Well known directory 'Root': 'C:\Projetos\pgats-ci\actions-runner'
[2026-06-07 19:59:35Z INFO HostContext] Well known config file 'Runner': 'C:\Projetos\pgats-ci\actions-runner\.runner'
[2026-06-07 19:59:35Z INFO ConfigurationStore] ConfigFilePath: C:\Projetos\pgats-ci\actions-runner\.runner
[2026-06-07 19:59:35Z INFO HostContext] Well known directory 'Bin': 'C:\Projetos\pgats-ci\actions-runner\bin'
[2026-06-07 19:59:35Z INFO HostContext] Well known directory 'Root': 'C:\Projetos\pgats-ci\actions-runner'
[2026-06-07 19:59:35Z INFO HostContext] Well known config file 'MigratedRunner': 'C:\Projetos\pgats-ci\actions-runner\.runner_migrated'
[2026-06-07 19:59:35Z INFO ConfigurationStore] MigratedConfigFilePath: C:\Projetos\pgats-ci\actions-runner\.runner_migrated
[2026-06-07 19:59:35Z INFO HostContext] Well known directory 'Bin': 'C:\Projetos\pgats-ci\actions-runner\bin'
[2026-06-07 19:59:35Z INFO HostContext] Well known directory 'Root': 'C:\Projetos\pgats-ci\actions-runner'
[2026-06-07 19:59:35Z INFO HostContext] Well known config file 'Credentials': 'C:\Projetos\pgats-ci\actions-runner\.credentials'
[2026-06-07 19:59:35Z INFO ConfigurationStore] CredFilePath: C:\Projetos\pgats-ci\actions-runner\.credentials
[2026-06-07 19:59:35Z INFO HostContext] Well known directory 'Bin': 'C:\Projetos\pgats-ci\actions-runner\bin'
[2026-06-07 19:59:35Z INFO HostContext] Well known directory 'Root': 'C:\Projetos\pgats-ci\actions-runner'
[2026-06-07 19:59:35Z INFO HostContext] Well known config file 'MigratedCredentials': 'C:\Projetos\pgats-ci\actions-runner\.credentials_migrated'
[2026-06-07 19:59:35Z INFO ConfigurationStore] MigratedCredFilePath: C:\Projetos\pgats-ci\actions-runner\.credentials_migrated
[2026-06-07 19:59:35Z INFO HostContext] Well known directory 'Bin': 'C:\Projetos\pgats-ci\actions-runner\bin'
[2026-06-07 19:59:35Z INFO HostContext] Well known directory 'Root': 'C:\Projetos\pgats-ci\actions-runner'
[2026-06-07 19:59:35Z INFO HostContext] Well known config file 'Service': 'C:\Projetos\pgats-ci\actions-runner\.service'
[2026-06-07 19:59:35Z INFO ConfigurationStore] ServiceConfigFilePath: C:\Projetos\pgats-ci\actions-runner\.service
[2026-06-07 19:59:35Z INFO CommandSettings] Flag 'help': 'False'
[2026-06-07 19:59:35Z INFO CommandSettings] Flag 'version': 'False'
[2026-06-07 19:59:35Z INFO CommandSettings] Flag 'commit': 'False'
[2026-06-07 19:59:35Z INFO CommandSettings] Flag 'check': 'False'
[2026-06-07 19:59:35Z INFO CommandSettings] Command 'configure': 'False'
[2026-06-07 19:59:35Z INFO CommandSettings] Command 'remove': 'True'
[2026-06-07 19:59:35Z INFO CommandSettings] Flag 'local': 'False'
[2026-06-07 19:59:35Z INFO ConfigurationStore] IsServiceConfigured()
[2026-06-07 19:59:35Z INFO ConfigurationStore] IsServiceConfigured: False
[2026-06-07 19:59:35Z INFO ConfigurationStore] IsConfigured()
[2026-06-07 19:59:35Z INFO ConfigurationStore] IsConfigured: False
[2026-06-07 19:59:35Z INFO ConfigurationStore] HasCredentials()
[2026-06-07 19:59:35Z INFO ConfigurationStore] stored False
[2026-06-07 19:59:35Z INFO Terminal] WRITE LINE: Cannot connect to server, because config files are missing. Skipping removing runner from the server.
[2026-06-07 19:59:35Z INFO ConfigurationStore] IsConfigured()
[2026-06-07 19:59:35Z INFO ConfigurationStore] IsConfigured: False
[2026-06-07 19:59:35Z INFO ConfigurationStore] HasCredentials()
[2026-06-07 19:59:35Z INFO ConfigurationStore] stored False
[2026-06-07 19:59:35Z INFO Terminal] WRITE LINE: Does not exist. Skipping Removing .credentials
[2026-06-07 19:59:35Z INFO Terminal] WRITE LINE: Does not exist. Skipping Removing .runner
[2026-06-07 19:59:35Z INFO Terminal] WRITE LINE: 
[2026-06-07 19:59:35Z INFO Listener] Runner execution has finished with return code 0
